# ./configure --prefix=/home/kukhyeon/Desktop/gaminganywhere-0.8.0/deps.posix --enable-shared --enable-pic
Configuring selected codecs
  enabling vp8_encoder
  enabling vp8_decoder
  enabling vp9_encoder
  enabling vp9_decoder
Configuring for target 'x86_64-linux-gcc'
  enabling x86_64
  enabling pic
check_cpp
BEGIN /tmp/vpx-conf-109339-27933.c
    1	#ifndef __ILP32__
    2	#error "not x32"
    3	#endif
END /tmp/vpx-conf-109339-27933.c
-E -o /tmp/vpx-conf-109339-27933.o /tmp/vpx-conf-109339-27933.c
./configure: 285: ./configure: -E: not found
  enabling runtime_cpu_detect
  enabling mmx
  enabling sse
  enabling sse2
  enabling sse3
  enabling ssse3
check_cflags -msse4
check_cc -msse4
BEGIN /tmp/vpx-conf-109339-27933.c
    1	int x;
END /tmp/vpx-conf-109339-27933.c
gcc -m64 -msse4 -c -o /tmp/vpx-conf-109339-27933.o /tmp/vpx-conf-109339-27933.c
  enabling sse4_1
check_cflags -mavx
check_cc -mavx
BEGIN /tmp/vpx-conf-109339-27933.c
    1	int x;
END /tmp/vpx-conf-109339-27933.c
gcc -m64 -mavx -c -o /tmp/vpx-conf-109339-27933.o /tmp/vpx-conf-109339-27933.c
  enabling avx
check_cflags -mavx2
check_cc -mavx2
BEGIN /tmp/vpx-conf-109339-27933.c
    1	int x;
END /tmp/vpx-conf-109339-27933.c
gcc -m64 -mavx2 -c -o /tmp/vpx-conf-109339-27933.o /tmp/vpx-conf-109339-27933.c
  enabling avx2
  using yasm
check_cxxflags -O3
check_cxx -Werror -O3
BEGIN /tmp/vpx-conf-109339-27933.cc
    1	int x;
END /tmp/vpx-conf-109339-27933.cc
g++ -m64 -Werror -O3 -c -o /tmp/vpx-conf-109339-27933.o /tmp/vpx-conf-109339-27933.cc
./configure: 285: ./configure: g++: not found
check_cflags -O3
check_cc -O3
BEGIN /tmp/vpx-conf-109339-27933.c
    1	int x;
END /tmp/vpx-conf-109339-27933.c
gcc -m64 -O3 -c -o /tmp/vpx-conf-109339-27933.o /tmp/vpx-conf-109339-27933.c
  enabling use_x86inc
check_cxxflags -fPIC
check_cxx -Werror -fPIC
BEGIN /tmp/vpx-conf-109339-27933.cc
    1	int x;
END /tmp/vpx-conf-109339-27933.cc
g++ -m64 -Werror -fPIC -c -o /tmp/vpx-conf-109339-27933.o /tmp/vpx-conf-109339-27933.cc
./configure: 285: ./configure: g++: not found
check_cflags -fPIC
check_cc -fPIC
BEGIN /tmp/vpx-conf-109339-27933.c
    1	int x;
END /tmp/vpx-conf-109339-27933.c
gcc -m64 -O3 -fPIC -c -o /tmp/vpx-conf-109339-27933.o /tmp/vpx-conf-109339-27933.c
check_cxxflags -U_FORTIFY_SOURCE -D_FORTIFY_SOURCE=0
check_cxx -Werror -U_FORTIFY_SOURCE -D_FORTIFY_SOURCE=0
BEGIN /tmp/vpx-conf-109339-27933.cc
    1	int x;
END /tmp/vpx-conf-109339-27933.cc
g++ -m64 -Werror -U_FORTIFY_SOURCE -D_FORTIFY_SOURCE=0 -c -o /tmp/vpx-conf-109339-27933.o /tmp/vpx-conf-109339-27933.cc
./configure: 285: ./configure: g++: not found
check_cflags -U_FORTIFY_SOURCE -D_FORTIFY_SOURCE=0
check_cc -U_FORTIFY_SOURCE -D_FORTIFY_SOURCE=0
BEGIN /tmp/vpx-conf-109339-27933.c
    1	int x;
END /tmp/vpx-conf-109339-27933.c
gcc -m64 -O3 -fPIC -U_FORTIFY_SOURCE -D_FORTIFY_SOURCE=0 -c -o /tmp/vpx-conf-109339-27933.o /tmp/vpx-conf-109339-27933.c
check_cc
BEGIN /tmp/vpx-conf-109339-27933.c
    1	    unsigned int e = 'O'<<24 | '2'<<16 | 'B'<<8 | 'E';
END /tmp/vpx-conf-109339-27933.c
gcc -m64 -O3 -fPIC -U_FORTIFY_SOURCE -D_FORTIFY_SOURCE=0 -c -o /tmp/vpx-conf-109339-27933.o /tmp/vpx-conf-109339-27933.c
check_cc
BEGIN /tmp/vpx-conf-109339-27933.c
    1	    static inline function() {}
END /tmp/vpx-conf-109339-27933.c
gcc -m64 -O3 -fPIC -U_FORTIFY_SOURCE -D_FORTIFY_SOURCE=0 -c -o /tmp/vpx-conf-109339-27933.o /tmp/vpx-conf-109339-27933.c
/tmp/vpx-conf-109339-27933.c:1:19: warning: return type defaults to ‘int’ [-Wimplicit-int]
     static inline function() {}
                   ^
check_cc
BEGIN /tmp/vpx-conf-109339-27933.c
    1	    static __attribute__((always_inline)) function() {}
END /tmp/vpx-conf-109339-27933.c
gcc -m64 -O3 -fPIC -U_FORTIFY_SOURCE -D_FORTIFY_SOURCE=0 -c -o /tmp/vpx-conf-109339-27933.o /tmp/vpx-conf-109339-27933.c
/tmp/vpx-conf-109339-27933.c:1:43: warning: return type defaults to ‘int’ [-Wimplicit-int]
     static __attribute__((always_inline)) function() {}
                                           ^
/tmp/vpx-conf-109339-27933.c:1:43: warning: always_inline function might not be inlinable [-Wattributes]
check_header pthread.h
check_cpp
BEGIN /tmp/vpx-conf-109339-27933.c
    1	#include "pthread.h"
    2	int x;
END /tmp/vpx-conf-109339-27933.c
gcc -m64 -O3 -fPIC -U_FORTIFY_SOURCE -D_FORTIFY_SOURCE=0 -E -o /tmp/vpx-conf-109339-27933.o /tmp/vpx-conf-109339-27933.c
check_cxxflags -Wall
check_cxx -Werror -Wall
BEGIN /tmp/vpx-conf-109339-27933.cc
    1	int x;
END /tmp/vpx-conf-109339-27933.cc
g++ -m64 -D_LARGEFILE_SOURCE -D_FILE_OFFSET_BITS=64 -Werror -Wall -c -o /tmp/vpx-conf-109339-27933.o /tmp/vpx-conf-109339-27933.cc
./configure: 285: ./configure: g++: not found
check_cflags -Wall
check_cc -Wall
BEGIN /tmp/vpx-conf-109339-27933.c
    1	int x;
END /tmp/vpx-conf-109339-27933.c
gcc -m64 -O3 -fPIC -U_FORTIFY_SOURCE -D_FORTIFY_SOURCE=0 -D_LARGEFILE_SOURCE -D_FILE_OFFSET_BITS=64 -Wall -c -o /tmp/vpx-conf-109339-27933.o /tmp/vpx-conf-109339-27933.c
check_cxxflags -Wdeclaration-after-statement
check_cxx -Werror -Wdeclaration-after-statement
BEGIN /tmp/vpx-conf-109339-27933.cc
    1	int x;
END /tmp/vpx-conf-109339-27933.cc
g++ -m64 -D_LARGEFILE_SOURCE -D_FILE_OFFSET_BITS=64 -Werror -Wdeclaration-after-statement -c -o /tmp/vpx-conf-109339-27933.o /tmp/vpx-conf-109339-27933.cc
./configure: 285: ./configure: g++: not found
check_cflags -Wdeclaration-after-statement
check_cc -Wdeclaration-after-statement
BEGIN /tmp/vpx-conf-109339-27933.c
    1	int x;
END /tmp/vpx-conf-109339-27933.c
gcc -m64 -O3 -fPIC -U_FORTIFY_SOURCE -D_FORTIFY_SOURCE=0 -D_LARGEFILE_SOURCE -D_FILE_OFFSET_BITS=64 -Wall -Wdeclaration-after-statement -c -o /tmp/vpx-conf-109339-27933.o /tmp/vpx-conf-109339-27933.c
check_cxxflags -Wdisabled-optimization
check_cxx -Werror -Wdisabled-optimization
BEGIN /tmp/vpx-conf-109339-27933.cc
    1	int x;
END /tmp/vpx-conf-109339-27933.cc
g++ -m64 -D_LARGEFILE_SOURCE -D_FILE_OFFSET_BITS=64 -Werror -Wdisabled-optimization -c -o /tmp/vpx-conf-109339-27933.o /tmp/vpx-conf-109339-27933.cc
./configure: 285: ./configure: g++: not found
check_cflags -Wdisabled-optimization
check_cc -Wdisabled-optimization
BEGIN /tmp/vpx-conf-109339-27933.c
    1	int x;
END /tmp/vpx-conf-109339-27933.c
gcc -m64 -O3 -fPIC -U_FORTIFY_SOURCE -D_FORTIFY_SOURCE=0 -D_LARGEFILE_SOURCE -D_FILE_OFFSET_BITS=64 -Wall -Wdeclaration-after-statement -Wdisabled-optimization -c -o /tmp/vpx-conf-109339-27933.o /tmp/vpx-conf-109339-27933.c
check_cxxflags -Wpointer-arith
check_cxx -Werror -Wpointer-arith
BEGIN /tmp/vpx-conf-109339-27933.cc
    1	int x;
END /tmp/vpx-conf-109339-27933.cc
g++ -m64 -D_LARGEFILE_SOURCE -D_FILE_OFFSET_BITS=64 -Werror -Wpointer-arith -c -o /tmp/vpx-conf-109339-27933.o /tmp/vpx-conf-109339-27933.cc
./configure: 285: ./configure: g++: not found
check_cflags -Wpointer-arith
check_cc -Wpointer-arith
BEGIN /tmp/vpx-conf-109339-27933.c
    1	int x;
END /tmp/vpx-conf-109339-27933.c
gcc -m64 -O3 -fPIC -U_FORTIFY_SOURCE -D_FORTIFY_SOURCE=0 -D_LARGEFILE_SOURCE -D_FILE_OFFSET_BITS=64 -Wall -Wdeclaration-after-statement -Wdisabled-optimization -Wpointer-arith -c -o /tmp/vpx-conf-109339-27933.o /tmp/vpx-conf-109339-27933.c
check_cxxflags -Wtype-limits
check_cxx -Werror -Wtype-limits
BEGIN /tmp/vpx-conf-109339-27933.cc
    1	int x;
END /tmp/vpx-conf-109339-27933.cc
g++ -m64 -D_LARGEFILE_SOURCE -D_FILE_OFFSET_BITS=64 -Werror -Wtype-limits -c -o /tmp/vpx-conf-109339-27933.o /tmp/vpx-conf-109339-27933.cc
./configure: 285: ./configure: g++: not found
check_cflags -Wtype-limits
check_cc -Wtype-limits
BEGIN /tmp/vpx-conf-109339-27933.c
    1	int x;
END /tmp/vpx-conf-109339-27933.c
gcc -m64 -O3 -fPIC -U_FORTIFY_SOURCE -D_FORTIFY_SOURCE=0 -D_LARGEFILE_SOURCE -D_FILE_OFFSET_BITS=64 -Wall -Wdeclaration-after-statement -Wdisabled-optimization -Wpointer-arith -Wtype-limits -c -o /tmp/vpx-conf-109339-27933.o /tmp/vpx-conf-109339-27933.c
check_cxxflags -Wcast-qual
check_cxx -Werror -Wcast-qual
BEGIN /tmp/vpx-conf-109339-27933.cc
    1	int x;
END /tmp/vpx-conf-109339-27933.cc
g++ -m64 -D_LARGEFILE_SOURCE -D_FILE_OFFSET_BITS=64 -Werror -Wcast-qual -c -o /tmp/vpx-conf-109339-27933.o /tmp/vpx-conf-109339-27933.cc
./configure: 285: ./configure: g++: not found
check_cflags -Wcast-qual
check_cc -Wcast-qual
BEGIN /tmp/vpx-conf-109339-27933.c
    1	int x;
END /tmp/vpx-conf-109339-27933.c
gcc -m64 -O3 -fPIC -U_FORTIFY_SOURCE -D_FORTIFY_SOURCE=0 -D_LARGEFILE_SOURCE -D_FILE_OFFSET_BITS=64 -Wall -Wdeclaration-after-statement -Wdisabled-optimization -Wpointer-arith -Wtype-limits -Wcast-qual -c -o /tmp/vpx-conf-109339-27933.o /tmp/vpx-conf-109339-27933.c
check_cxxflags -Wvla
check_cxx -Werror -Wvla
BEGIN /tmp/vpx-conf-109339-27933.cc
    1	int x;
END /tmp/vpx-conf-109339-27933.cc
g++ -m64 -D_LARGEFILE_SOURCE -D_FILE_OFFSET_BITS=64 -Werror -Wvla -c -o /tmp/vpx-conf-109339-27933.o /tmp/vpx-conf-109339-27933.cc
./configure: 285: ./configure: g++: not found
check_cflags -Wvla
check_cc -Wvla
BEGIN /tmp/vpx-conf-109339-27933.c
    1	int x;
END /tmp/vpx-conf-109339-27933.c
gcc -m64 -O3 -fPIC -U_FORTIFY_SOURCE -D_FORTIFY_SOURCE=0 -D_LARGEFILE_SOURCE -D_FILE_OFFSET_BITS=64 -Wall -Wdeclaration-after-statement -Wdisabled-optimization -Wpointer-arith -Wtype-limits -Wcast-qual -Wvla -c -o /tmp/vpx-conf-109339-27933.o /tmp/vpx-conf-109339-27933.c
check_cxxflags -Wimplicit-function-declaration
check_cxx -Werror -Wimplicit-function-declaration
BEGIN /tmp/vpx-conf-109339-27933.cc
    1	int x;
END /tmp/vpx-conf-109339-27933.cc
g++ -m64 -D_LARGEFILE_SOURCE -D_FILE_OFFSET_BITS=64 -Werror -Wimplicit-function-declaration -c -o /tmp/vpx-conf-109339-27933.o /tmp/vpx-conf-109339-27933.cc
./configure: 285: ./configure: g++: not found
check_cflags -Wimplicit-function-declaration
check_cc -Wimplicit-function-declaration
BEGIN /tmp/vpx-conf-109339-27933.c
    1	int x;
END /tmp/vpx-conf-109339-27933.c
gcc -m64 -O3 -fPIC -U_FORTIFY_SOURCE -D_FORTIFY_SOURCE=0 -D_LARGEFILE_SOURCE -D_FILE_OFFSET_BITS=64 -Wall -Wdeclaration-after-statement -Wdisabled-optimization -Wpointer-arith -Wtype-limits -Wcast-qual -Wvla -Wimplicit-function-declaration -c -o /tmp/vpx-conf-109339-27933.o /tmp/vpx-conf-109339-27933.c
check_cxxflags -Wuninitialized
check_cxx -Werror -Wuninitialized
BEGIN /tmp/vpx-conf-109339-27933.cc
    1	int x;
END /tmp/vpx-conf-109339-27933.cc
g++ -m64 -D_LARGEFILE_SOURCE -D_FILE_OFFSET_BITS=64 -Werror -Wuninitialized -c -o /tmp/vpx-conf-109339-27933.o /tmp/vpx-conf-109339-27933.cc
./configure: 285: ./configure: g++: not found
check_cflags -Wuninitialized
check_cc -Wuninitialized
BEGIN /tmp/vpx-conf-109339-27933.c
    1	int x;
END /tmp/vpx-conf-109339-27933.c
gcc -m64 -O3 -fPIC -U_FORTIFY_SOURCE -D_FORTIFY_SOURCE=0 -D_LARGEFILE_SOURCE -D_FILE_OFFSET_BITS=64 -Wall -Wdeclaration-after-statement -Wdisabled-optimization -Wpointer-arith -Wtype-limits -Wcast-qual -Wvla -Wimplicit-function-declaration -Wuninitialized -c -o /tmp/vpx-conf-109339-27933.o /tmp/vpx-conf-109339-27933.c
check_cxxflags -Wunused-variable
check_cxx -Werror -Wunused-variable
BEGIN /tmp/vpx-conf-109339-27933.cc
    1	int x;
END /tmp/vpx-conf-109339-27933.cc
g++ -m64 -D_LARGEFILE_SOURCE -D_FILE_OFFSET_BITS=64 -Werror -Wunused-variable -c -o /tmp/vpx-conf-109339-27933.o /tmp/vpx-conf-109339-27933.cc
./configure: 285: ./configure: g++: not found
check_cflags -Wunused-variable
check_cc -Wunused-variable
BEGIN /tmp/vpx-conf-109339-27933.c
    1	int x;
END /tmp/vpx-conf-109339-27933.c
gcc -m64 -O3 -fPIC -U_FORTIFY_SOURCE -D_FORTIFY_SOURCE=0 -D_LARGEFILE_SOURCE -D_FILE_OFFSET_BITS=64 -Wall -Wdeclaration-after-statement -Wdisabled-optimization -Wpointer-arith -Wtype-limits -Wcast-qual -Wvla -Wimplicit-function-declaration -Wuninitialized -Wunused-variable -c -o /tmp/vpx-conf-109339-27933.o /tmp/vpx-conf-109339-27933.c
check_cxxflags -Wunused-but-set-variable
check_cxx -Werror -Wunused-but-set-variable
BEGIN /tmp/vpx-conf-109339-27933.cc
    1	int x;
END /tmp/vpx-conf-109339-27933.cc
g++ -m64 -D_LARGEFILE_SOURCE -D_FILE_OFFSET_BITS=64 -Werror -Wunused-but-set-variable -c -o /tmp/vpx-conf-109339-27933.o /tmp/vpx-conf-109339-27933.cc
./configure: 285: ./configure: g++: not found
check_cflags -Wunused-but-set-variable
check_cc -Wunused-but-set-variable
BEGIN /tmp/vpx-conf-109339-27933.c
    1	int x;
END /tmp/vpx-conf-109339-27933.c
gcc -m64 -O3 -fPIC -U_FORTIFY_SOURCE -D_FORTIFY_SOURCE=0 -D_LARGEFILE_SOURCE -D_FILE_OFFSET_BITS=64 -Wall -Wdeclaration-after-statement -Wdisabled-optimization -Wpointer-arith -Wtype-limits -Wcast-qual -Wvla -Wimplicit-function-declaration -Wuninitialized -Wunused-variable -Wunused-but-set-variable -c -o /tmp/vpx-conf-109339-27933.o /tmp/vpx-conf-109339-27933.c
check_cxxflags -Wno-unused-function
check_cxx -Werror -Wno-unused-function
BEGIN /tmp/vpx-conf-109339-27933.cc
    1	int x;
END /tmp/vpx-conf-109339-27933.cc
g++ -m64 -D_LARGEFILE_SOURCE -D_FILE_OFFSET_BITS=64 -Werror -Wno-unused-function -c -o /tmp/vpx-conf-109339-27933.o /tmp/vpx-conf-109339-27933.cc
./configure: 285: ./configure: g++: not found
check_cflags -Wno-unused-function
check_cc -Wno-unused-function
BEGIN /tmp/vpx-conf-109339-27933.c
    1	int x;
END /tmp/vpx-conf-109339-27933.c
gcc -m64 -O3 -fPIC -U_FORTIFY_SOURCE -D_FORTIFY_SOURCE=0 -D_LARGEFILE_SOURCE -D_FILE_OFFSET_BITS=64 -Wall -Wdeclaration-after-statement -Wdisabled-optimization -Wpointer-arith -Wtype-limits -Wcast-qual -Wvla -Wimplicit-function-declaration -Wuninitialized -Wunused-variable -Wunused-but-set-variable -Wno-unused-function -c -o /tmp/vpx-conf-109339-27933.o /tmp/vpx-conf-109339-27933.c
  enabling postproc
check_cxx
BEGIN /tmp/vpx-conf-109339-27933.cc
    1	int z;
END /tmp/vpx-conf-109339-27933.cc
g++ -m64 -D_LARGEFILE_SOURCE -D_FILE_OFFSET_BITS=64 -c -o /tmp/vpx-conf-109339-27933.o /tmp/vpx-conf-109339-27933.cc
./configure: 285: ./configure: g++: not found
check_header stdio.h
check_cpp
BEGIN /tmp/vpx-conf-109339-27933.c
    1	#include "stdio.h"
    2	int x;
END /tmp/vpx-conf-109339-27933.c
gcc -m64 -O3 -fPIC -U_FORTIFY_SOURCE -D_FORTIFY_SOURCE=0 -D_LARGEFILE_SOURCE -D_FILE_OFFSET_BITS=64 -Wall -Wdeclaration-after-statement -Wdisabled-optimization -Wpointer-arith -Wtype-limits -Wcast-qual -Wvla -Wimplicit-function-declaration -Wuninitialized -Wunused-variable -Wunused-but-set-variable -Wno-unused-function -E -o /tmp/vpx-conf-109339-27933.o /tmp/vpx-conf-109339-27933.c
check_ld
check_cc
BEGIN /tmp/vpx-conf-109339-27933.c
    1	int main(void) {return 0;}
END /tmp/vpx-conf-109339-27933.c
gcc -m64 -O3 -fPIC -U_FORTIFY_SOURCE -D_FORTIFY_SOURCE=0 -D_LARGEFILE_SOURCE -D_FILE_OFFSET_BITS=64 -Wall -Wdeclaration-after-statement -Wdisabled-optimization -Wpointer-arith -Wtype-limits -Wcast-qual -Wvla -Wimplicit-function-declaration -Wuninitialized -Wunused-variable -Wunused-but-set-variable -Wno-unused-function -c -o /tmp/vpx-conf-109339-27933.o /tmp/vpx-conf-109339-27933.c
gcc -m64 -o /tmp/vpx-conf-109339-27933.x /tmp/vpx-conf-109339-27933.o -lpthread
check_header stdint.h
check_cpp
BEGIN /tmp/vpx-conf-109339-27933.c
    1	#include "stdint.h"
    2	int x;
END /tmp/vpx-conf-109339-27933.c
gcc -m64 -O3 -fPIC -U_FORTIFY_SOURCE -D_FORTIFY_SOURCE=0 -D_LARGEFILE_SOURCE -D_FILE_OFFSET_BITS=64 -Wall -Wdeclaration-after-statement -Wdisabled-optimization -Wpointer-arith -Wtype-limits -Wcast-qual -Wvla -Wimplicit-function-declaration -Wuninitialized -Wunused-variable -Wunused-but-set-variable -Wno-unused-function -E -o /tmp/vpx-conf-109339-27933.o /tmp/vpx-conf-109339-27933.c
check_header pthread.h
check_cpp
BEGIN /tmp/vpx-conf-109339-27933.c
    1	#include "pthread.h"
    2	int x;
END /tmp/vpx-conf-109339-27933.c
gcc -m64 -O3 -fPIC -U_FORTIFY_SOURCE -D_FORTIFY_SOURCE=0 -D_LARGEFILE_SOURCE -D_FILE_OFFSET_BITS=64 -Wall -Wdeclaration-after-statement -Wdisabled-optimization -Wpointer-arith -Wtype-limits -Wcast-qual -Wvla -Wimplicit-function-declaration -Wuninitialized -Wunused-variable -Wunused-but-set-variable -Wno-unused-function -E -o /tmp/vpx-conf-109339-27933.o /tmp/vpx-conf-109339-27933.c
check_header sys/mman.h
check_cpp
BEGIN /tmp/vpx-conf-109339-27933.c
    1	#include "sys/mman.h"
    2	int x;
END /tmp/vpx-conf-109339-27933.c
gcc -m64 -O3 -fPIC -U_FORTIFY_SOURCE -D_FORTIFY_SOURCE=0 -D_LARGEFILE_SOURCE -D_FILE_OFFSET_BITS=64 -Wall -Wdeclaration-after-statement -Wdisabled-optimization -Wpointer-arith -Wtype-limits -Wcast-qual -Wvla -Wimplicit-function-declaration -Wuninitialized -Wunused-variable -Wunused-but-set-variable -Wno-unused-function -E -o /tmp/vpx-conf-109339-27933.o /tmp/vpx-conf-109339-27933.c
check_header unistd.h
check_cpp
BEGIN /tmp/vpx-conf-109339-27933.c
    1	#include "unistd.h"
    2	int x;
END /tmp/vpx-conf-109339-27933.c
gcc -m64 -O3 -fPIC -U_FORTIFY_SOURCE -D_FORTIFY_SOURCE=0 -D_LARGEFILE_SOURCE -D_FILE_OFFSET_BITS=64 -Wall -Wdeclaration-after-statement -Wdisabled-optimization -Wpointer-arith -Wtype-limits -Wcast-qual -Wvla -Wimplicit-function-declaration -Wuninitialized -Wunused-variable -Wunused-but-set-variable -Wno-unused-function -E -o /tmp/vpx-conf-109339-27933.o /tmp/vpx-conf-109339-27933.c
check_header vpx/vpx_integer.h -I/home/kukhyeon/Desktop/gaminganywhere-0.8.0/deps.src/libvpx-v1.3.0
check_cpp -I/home/kukhyeon/Desktop/gaminganywhere-0.8.0/deps.src/libvpx-v1.3.0
BEGIN /tmp/vpx-conf-109339-27933.c
    1	#include "vpx/vpx_integer.h"
    2	int x;
END /tmp/vpx-conf-109339-27933.c
gcc -m64 -O3 -fPIC -U_FORTIFY_SOURCE -D_FORTIFY_SOURCE=0 -D_LARGEFILE_SOURCE -D_FILE_OFFSET_BITS=64 -Wall -Wdeclaration-after-statement -Wdisabled-optimization -Wpointer-arith -Wtype-limits -Wcast-qual -Wvla -Wimplicit-function-declaration -Wuninitialized -Wunused-variable -Wunused-but-set-variable -Wno-unused-function -I/home/kukhyeon/Desktop/gaminganywhere-0.8.0/deps.src/libvpx-v1.3.0 -E -o /tmp/vpx-conf-109339-27933.o /tmp/vpx-conf-109339-27933.c
